// Jest Snapshot v1, https://goo.gl/fbAQLP

exports[`RegisterScreen component renders correctly 1`] = `
<View
  style={
    Object {
      "alignItems": "center",
      "flex": 1,
      "justifyContent": "center",
      "padding": 15,
    }
  }
>
  <View
    style={
      Object {
        "width": "100%",
      }
    }
  >
    <View>
      <Text>
        Username
      </Text>
      <View
        style={
          Object {
            "height": 8,
          }
        }
      />
      <TextInput
        allowFontScaling={true}
        autoCapitalize="none"
        onChangeText={[Function]}
        placeholder="Enter a username"
        rejectResponderTermination={true}
        returnKeyType="next"
        style={
          Object {
            "borderWidth": 1,
            "padding": 4,
          }
        }
        textAlignVertical="center"
        underlineColorAndroid="transparent"
        value=""
      />
    </View>
    <View
      style={
        Object {
          "height": 8,
        }
      }
    />
    <View>
      <Text>
        Password
      </Text>
      <View
        style={
          Object {
            "height": 8,
          }
        }
      />
      <TextInput
        allowFontScaling={true}
        onChangeText={[Function]}
        placeholder="Enter a password"
        rejectResponderTermination={true}
        returnKeyType="next"
        secureTextEntry={true}
        style={
          Object {
            "borderWidth": 1,
            "padding": 4,
          }
        }
        textAlignVertical="center"
        underlineColorAndroid="transparent"
        value=""
      />
    </View>
    <View
      style={
        Object {
          "height": 8,
        }
      }
    />
    <View>
      <Text>
        Full Name
      </Text>
      <View
        style={
          Object {
            "height": 8,
          }
        }
      />
      <TextInput
        allowFontScaling={true}
        autoCapitalize="words"
        onChangeText={[Function]}
        placeholder="Enter your Full Name"
        rejectResponderTermination={true}
        returnKeyType="done"
        style={
          Object {
            "borderWidth": 1,
            "padding": 4,
          }
        }
        textAlignVertical="center"
        underlineColorAndroid="transparent"
        value=""
      />
    </View>
    <View
      style={
        Object {
          "height": 8,
        }
      }
    />
    <View
      accessibilityRole="button"
      accessibilityState={Object {}}
      accessible={true}
      focusable={true}
      onClick={[Function]}
      onResponderGrant={[Function]}
      onResponderMove={[Function]}
      onResponderRelease={[Function]}
      onResponderTerminate={[Function]}
      onResponderTerminationRequest={[Function]}
      onStartShouldSetResponder={[Function]}
      style={
        Object {
          "opacity": 1,
        }
      }
    >
      <View
        style={
          Array [
            Object {},
          ]
        }
      >
        <Text
          style={
            Array [
              Object {
                "color": "#007AFF",
                "fontSize": 18,
                "margin": 8,
                "textAlign": "center",
              },
            ]
          }
        >
          Register
        </Text>
      </View>
    </View>
  </View>
</View>
`;

exports[`renders correctly 1`] = `
<View
  style={
    Object {
      "alignItems": "center",
      "flex": 1,
      "justifyContent": "center",
      "padding": 15,
    }
  }
>
  <View
    style={
      Object {
        "width": "100%",
      }
    }
  >
    <View>
      <Text>
        Username
      </Text>
      <View
        style={
          Object {
            "height": 8,
          }
        }
      />
      <TextInput
        allowFontScaling={true}
        autoCapitalize="none"
        onChangeText={[Function]}
        placeholder="Enter a username"
        rejectResponderTermination={true}
        returnKeyType="next"
        style={
          Object {
            "borderWidth": 1,
            "padding": 4,
          }
        }
        textAlignVertical="center"
        underlineColorAndroid="transparent"
        value=""
      />
    </View>
    <View
      style={
        Object {
          "height": 8,
        }
      }
    />
    <View>
      <Text>
        Password
      </Text>
      <View
        style={
          Object {
            "height": 8,
          }
        }
      />
      <TextInput
        allowFontScaling={true}
        onChangeText={[Function]}
        placeholder="Enter a password"
        rejectResponderTermination={true}
        returnKeyType="next"
        secureTextEntry={true}
        style={
          Object {
            "borderWidth": 1,
            "padding": 4,
          }
        }
        textAlignVertical="center"
        underlineColorAndroid="transparent"
        value=""
      />
    </View>
    <View
      style={
        Object {
          "height": 8,
        }
      }
    />
    <View>
      <Text>
        Full Name
      </Text>
      <View
        style={
          Object {
            "height": 8,
          }
        }
      />
      <TextInput
        allowFontScaling={true}
        autoCapitalize="words"
        onChangeText={[Function]}
        placeholder="Enter your Full Name"
        rejectResponderTermination={true}
        returnKeyType="done"
        style={
          Object {
            "borderWidth": 1,
            "padding": 4,
          }
        }
        textAlignVertical="center"
        underlineColorAndroid="transparent"
        value=""
      />
    </View>
    <View
      style={
        Object {
          "height": 8,
        }
      }
    />
    <View
      accessibilityRole="button"
      accessibilityState={Object {}}
      accessible={true}
      focusable={true}
      onClick={[Function]}
      onResponderGrant={[Function]}
      onResponderMove={[Function]}
      onResponderRelease={[Function]}
      onResponderTerminate={[Function]}
      onResponderTerminationRequest={[Function]}
      onStartShouldSetResponder={[Function]}
      style={
        Object {
          "opacity": 1,
        }
      }
    >
      <View
        style={
          Array [
            Object {},
          ]
        }
      >
        <Text
          style={
            Array [
              Object {
                "color": "#007AFF",
                "fontSize": 18,
                "margin": 8,
                "textAlign": "center",
              },
            ]
          }
        >
          Register
        </Text>
      </View>
    </View>
  </View>
</View>
`;
